Archive member included because of file (symbol)

c:/sdk_win_64/sdk_win_64/winavr/bin/../lib/gcc/avr/4.3.3/avr5\libgcc.a(_exit.o)
                              c:/sdk_win_64/sdk_win_64/winavr/bin/../lib/gcc/avr/4.3.3/../../../../avr/lib/avr5/crtm32.o (exit)
c:/sdk_win_64/sdk_win_64/winavr/bin/../lib/gcc/avr/4.3.3/avr5\libgcc.a(_copy_data.o)
                              ./MCAL/EXTI/EXTI_Config.o (__do_copy_data)
c:/sdk_win_64/sdk_win_64/winavr/bin/../lib/gcc/avr/4.3.3/avr5\libgcc.a(_clear_bss.o)
                              ./MCAL/EXTI/EXTI_Program.o (__do_clear_bss)

Memory Configuration

Name             Origin             Length             Attributes
text             0x00000000         0x00020000         xr
data             0x00800060         0x0000ffa0         rw !x
eeprom           0x00810000         0x00010000         rw !x
fuse             0x00820000         0x00000400         rw !x
lock             0x00830000         0x00000400         rw !x
signature        0x00840000         0x00000400         rw !x
*default*        0x00000000         0xffffffff

Linker script and memory map

LOAD c:/sdk_win_64/sdk_win_64/winavr/bin/../lib/gcc/avr/4.3.3/../../../../avr/lib/avr5/crtm32.o
LOAD ./MCAL/SREG/SREG_Program.o
LOAD ./MCAL/EXTI/EXTI_Config.o
LOAD ./MCAL/EXTI/EXTI_Program.o
LOAD ./MCAL/DIO/DIO_Program.o
LOAD ./HAL/LED/LED_Config.o
LOAD ./HAL/LED/LED_Program.o
LOAD ./APP/LedLighter_Config.o
LOAD ./APP/LedLighter_Program.o
LOAD ./APP/Main.o
LOAD c:/sdk_win_64/sdk_win_64/winavr/bin/../lib/gcc/avr/4.3.3/avr5\libgcc.a
LOAD c:/sdk_win_64/sdk_win_64/winavr/bin/../lib/gcc/avr/4.3.3/../../../../avr/lib/avr5\libc.a
LOAD c:/sdk_win_64/sdk_win_64/winavr/bin/../lib/gcc/avr/4.3.3/avr5\libgcc.a

.hash
 *(.hash)

.dynsym
 *(.dynsym)

.dynstr
 *(.dynstr)

.gnu.version
 *(.gnu.version)

.gnu.version_d
 *(.gnu.version_d)

.gnu.version_r
 *(.gnu.version_r)

.rel.init
 *(.rel.init)

.rela.init
 *(.rela.init)

.rel.text
 *(.rel.text)
 *(.rel.text.*)
 *(.rel.gnu.linkonce.t*)

.rela.text
 *(.rela.text)
 *(.rela.text.*)
 *(.rela.gnu.linkonce.t*)

.rel.fini
 *(.rel.fini)

.rela.fini
 *(.rela.fini)

.rel.rodata
 *(.rel.rodata)
 *(.rel.rodata.*)
 *(.rel.gnu.linkonce.r*)

.rela.rodata
 *(.rela.rodata)
 *(.rela.rodata.*)
 *(.rela.gnu.linkonce.r*)

.rel.data
 *(.rel.data)
 *(.rel.data.*)
 *(.rel.gnu.linkonce.d*)

.rela.data
 *(.rela.data)
 *(.rela.data.*)
 *(.rela.gnu.linkonce.d*)

.rel.ctors
 *(.rel.ctors)

.rela.ctors
 *(.rela.ctors)

.rel.dtors
 *(.rel.dtors)

.rela.dtors
 *(.rela.dtors)

.rel.got
 *(.rel.got)

.rela.got
 *(.rela.got)

.rel.bss
 *(.rel.bss)

.rela.bss
 *(.rela.bss)

.rel.plt
 *(.rel.plt)

.rela.plt
 *(.rela.plt)

.text           0x00000000     0x13aa
 *(.vectors)
 .vectors       0x00000000       0x54 c:/sdk_win_64/sdk_win_64/winavr/bin/../lib/gcc/avr/4.3.3/../../../../avr/lib/avr5/crtm32.o
                0x00000000                __vectors
                0x00000000                __vector_default
 *(.vectors)
 *(.progmem.gcc*)
 *(.progmem*)
                0x00000054                . = ALIGN (0x2)
                0x00000054                __trampolines_start = .
 *(.trampolines)
 .trampolines   0x00000054        0x0 linker stubs
 *(.trampolines*)
                0x00000054                __trampolines_end = .
 *(.jumptables)
 *(.jumptables*)
 *(.lowtext)
 *(.lowtext*)
                0x00000054                __ctors_start = .
 *(.ctors)
                0x00000054                __ctors_end = .
                0x00000054                __dtors_start = .
 *(.dtors)
                0x00000054                __dtors_end = .
 SORT(*)(.ctors)
 SORT(*)(.dtors)
 *(.init0)
 .init0         0x00000054        0x0 c:/sdk_win_64/sdk_win_64/winavr/bin/../lib/gcc/avr/4.3.3/../../../../avr/lib/avr5/crtm32.o
                0x00000054                __init
 *(.init0)
 *(.init1)
 *(.init1)
 *(.init2)
 .init2         0x00000054        0xc c:/sdk_win_64/sdk_win_64/winavr/bin/../lib/gcc/avr/4.3.3/../../../../avr/lib/avr5/crtm32.o
 *(.init2)
 *(.init3)
 *(.init3)
 *(.init4)
 .init4         0x00000060       0x16 c:/sdk_win_64/sdk_win_64/winavr/bin/../lib/gcc/avr/4.3.3/avr5\libgcc.a(_copy_data.o)
                0x00000060                __do_copy_data
 .init4         0x00000076       0x10 c:/sdk_win_64/sdk_win_64/winavr/bin/../lib/gcc/avr/4.3.3/avr5\libgcc.a(_clear_bss.o)
                0x00000076                __do_clear_bss
 *(.init4)
 *(.init5)
 *(.init5)
 *(.init6)
 *(.init6)
 *(.init7)
 *(.init7)
 *(.init8)
 *(.init8)
 *(.init9)
 .init9         0x00000086        0x8 c:/sdk_win_64/sdk_win_64/winavr/bin/../lib/gcc/avr/4.3.3/../../../../avr/lib/avr5/crtm32.o
 *(.init9)
 *(.text)
 .text          0x0000008e        0x4 c:/sdk_win_64/sdk_win_64/winavr/bin/../lib/gcc/avr/4.3.3/../../../../avr/lib/avr5/crtm32.o
                0x0000008e                __vector_12
                0x0000008e                __bad_interrupt
                0x0000008e                __vector_6
                0x0000008e                __vector_11
                0x0000008e                __vector_13
                0x0000008e                __vector_17
                0x0000008e                __vector_19
                0x0000008e                __vector_7
                0x0000008e                __vector_5
                0x0000008e                __vector_4
                0x0000008e                __vector_9
                0x0000008e                __vector_15
                0x0000008e                __vector_8
                0x0000008e                __vector_14
                0x0000008e                __vector_10
                0x0000008e                __vector_16
                0x0000008e                __vector_18
                0x0000008e                __vector_20
 .text          0x00000092        0x0 ./MCAL/SREG/SREG_Program.o
 .text          0x00000092        0x0 ./MCAL/EXTI/EXTI_Config.o
 .text          0x00000092        0x0 ./MCAL/EXTI/EXTI_Program.o
 .text          0x00000092        0x0 ./MCAL/DIO/DIO_Program.o
 .text          0x00000092        0x0 ./HAL/LED/LED_Config.o
 .text          0x00000092        0x0 ./HAL/LED/LED_Program.o
 .text          0x00000092        0x0 ./APP/LedLighter_Config.o
 .text          0x00000092        0x0 ./APP/LedLighter_Program.o
 .text          0x00000092        0x0 ./APP/Main.o
 .text          0x00000092        0x0 c:/sdk_win_64/sdk_win_64/winavr/bin/../lib/gcc/avr/4.3.3/avr5\libgcc.a(_exit.o)
 .text          0x00000092        0x0 c:/sdk_win_64/sdk_win_64/winavr/bin/../lib/gcc/avr/4.3.3/avr5\libgcc.a(_copy_data.o)
 .text          0x00000092        0x0 c:/sdk_win_64/sdk_win_64/winavr/bin/../lib/gcc/avr/4.3.3/avr5\libgcc.a(_clear_bss.o)
                0x00000092                . = ALIGN (0x2)
 *(.text.*)
 .text.SREG_vid_EnableBitI
                0x00000092       0x10 ./MCAL/SREG/SREG_Program.o
                0x00000092                SREG_vid_EnableBitI
 .text.SREG_vid_ClearBitI
                0x000000a2       0x10 ./MCAL/SREG/SREG_Program.o
                0x000000a2                SREG_vid_ClearBitI
 .text.EXTI_enu_Initialization
                0x000000b2       0xc2 ./MCAL/EXTI/EXTI_Program.o
                0x000000b2                EXTI_enu_Initialization
 .text.EXTI_enu_ISC
                0x00000174       0x2c ./MCAL/EXTI/EXTI_Program.o
                0x00000174                EXTI_enu_ISC
 .text.EXTI_enu_INTMode
                0x000001a0       0x2c ./MCAL/EXTI/EXTI_Program.o
                0x000001a0                EXTI_enu_INTMode
 .text.EXTI_enu_GetPIF
                0x000001cc       0xac ./MCAL/EXTI/EXTI_Program.o
                0x000001cc                EXTI_enu_GetPIF
 .text.EXTI_enu_ClearINTFx
                0x00000278       0x26 ./MCAL/EXTI/EXTI_Program.o
                0x00000278                EXTI_enu_ClearINTFx
 .text.EXTI_enu_SetCallBack
                0x0000029e       0x70 ./MCAL/EXTI/EXTI_Program.o
                0x0000029e                EXTI_enu_SetCallBack
 .text.__vector_1
                0x0000030e       0x6e ./MCAL/EXTI/EXTI_Program.o
                0x0000030e                __vector_1
 .text.__vector_2
                0x0000037c       0x6e ./MCAL/EXTI/EXTI_Program.o
                0x0000037c                __vector_2
 .text.__vector_3
                0x000003ea       0x6a ./MCAL/EXTI/EXTI_Program.o
                0x000003ea                __vector_3
 .text.enu_SetMode
                0x00000454       0xf6 ./MCAL/EXTI/EXTI_Program.o
 .text.enu_SetSenseLevel
                0x0000054a      0x14e ./MCAL/EXTI/EXTI_Program.o
 .text.enu_SetFlagValue
                0x00000698       0xf6 ./MCAL/EXTI/EXTI_Program.o
 .text.DIO_enu_Initialization
                0x0000078e       0x1a ./MCAL/DIO/DIO_Program.o
                0x0000078e                DIO_enu_Initialization
 .text.DIO_enu_SetPinDiretion
                0x000007a8      0x1d8 ./MCAL/DIO/DIO_Program.o
                0x000007a8                DIO_enu_SetPinDiretion
 .text.DIO_enu_SetPinState
                0x00000980      0x1d8 ./MCAL/DIO/DIO_Program.o
                0x00000980                DIO_enu_SetPinState
 .text.DIO_enu_SetPinValue
                0x00000b58      0x1ee ./MCAL/DIO/DIO_Program.o
                0x00000b58                DIO_enu_SetPinValue
 .text.DIO_enu_TogglePinValue
                0x00000d46      0x116 ./MCAL/DIO/DIO_Program.o
                0x00000d46                DIO_enu_TogglePinValue
 .text.DIO_enu_GetPinValue
                0x00000e5c      0x13c ./MCAL/DIO/DIO_Program.o
                0x00000e5c                DIO_enu_GetPinValue
 .text.LED_enu_Initialization
                0x00000f98       0x8e ./HAL/LED/LED_Program.o
                0x00000f98                LED_enu_Initialization
 .text.LED_enu_TurnOnLED
                0x00001026       0x5c ./HAL/LED/LED_Program.o
                0x00001026                LED_enu_TurnOnLED
 .text.LED_enu_TurnOffLED
                0x00001082       0x5c ./HAL/LED/LED_Program.o
                0x00001082                LED_enu_TurnOffLED
 .text.LED_enu_TurnOnCombination
                0x000010de       0xa2 ./HAL/LED/LED_Program.o
                0x000010de                LED_enu_TurnOnCombination
 .text.LED_enu_TurnOnAllLEDs
                0x00001180       0x60 ./HAL/LED/LED_Program.o
                0x00001180                LED_enu_TurnOnAllLEDs
 .text.LED_enu_TurnOffAllLEDs
                0x000011e0       0x60 ./HAL/LED/LED_Program.o
                0x000011e0                LED_enu_TurnOffAllLEDs
 .text.LED_enu_GetLEDCount
                0x00001240       0x3c ./HAL/LED/LED_Program.o
                0x00001240                LED_enu_GetLEDCount
 .text.Ledlighter_enu_IncrementCount
                0x0000127c       0x2e ./APP/LedLighter_Program.o
                0x0000127c                Ledlighter_enu_IncrementCount
 .text.Ledlighter_enu_DecrementCount
                0x000012aa       0x2a ./APP/LedLighter_Program.o
                0x000012aa                Ledlighter_enu_DecrementCount
 .text.LedLighter_enu_initialization
                0x000012d4       0x5a ./APP/LedLighter_Program.o
                0x000012d4                LedLighter_enu_initialization
 .text.LedLighter_enu_Operate
                0x0000132e       0x14 ./APP/LedLighter_Program.o
                0x0000132e                LedLighter_enu_Operate
 .text.enu_LightLEDS
                0x00001342       0x4a ./APP/LedLighter_Program.o
 .text.main     0x0000138c       0x1a ./APP/Main.o
                0x0000138c                main
 .text.libgcc   0x000013a6        0x0 c:/sdk_win_64/sdk_win_64/winavr/bin/../lib/gcc/avr/4.3.3/avr5\libgcc.a(_exit.o)
 .text.libgcc   0x000013a6        0x0 c:/sdk_win_64/sdk_win_64/winavr/bin/../lib/gcc/avr/4.3.3/avr5\libgcc.a(_copy_data.o)
 .text.libgcc   0x000013a6        0x0 c:/sdk_win_64/sdk_win_64/winavr/bin/../lib/gcc/avr/4.3.3/avr5\libgcc.a(_clear_bss.o)
                0x000013a6                . = ALIGN (0x2)
 *(.fini9)
 .fini9         0x000013a6        0x0 c:/sdk_win_64/sdk_win_64/winavr/bin/../lib/gcc/avr/4.3.3/avr5\libgcc.a(_exit.o)
                0x000013a6                exit
                0x000013a6                _exit
 *(.fini9)
 *(.fini8)
 *(.fini8)
 *(.fini7)
 *(.fini7)
 *(.fini6)
 *(.fini6)
 *(.fini5)
 *(.fini5)
 *(.fini4)
 *(.fini4)
 *(.fini3)
 *(.fini3)
 *(.fini2)
 *(.fini2)
 *(.fini1)
 *(.fini1)
 *(.fini0)
 .fini0         0x000013a6        0x4 c:/sdk_win_64/sdk_win_64/winavr/bin/../lib/gcc/avr/4.3.3/avr5\libgcc.a(_exit.o)
 *(.fini0)
                0x000013aa                _etext = .

.data           0x00800060       0x10 load address 0x000013aa
                0x00800060                PROVIDE (__data_start, .)
 *(.data)
 .data          0x00800060        0x0 c:/sdk_win_64/sdk_win_64/winavr/bin/../lib/gcc/avr/4.3.3/../../../../avr/lib/avr5/crtm32.o
 .data          0x00800060        0x0 ./MCAL/SREG/SREG_Program.o
 .data          0x00800060        0x0 ./MCAL/EXTI/EXTI_Config.o
 .data          0x00800060        0x0 ./MCAL/EXTI/EXTI_Program.o
 .data          0x00800060        0x0 ./MCAL/DIO/DIO_Program.o
 .data          0x00800060        0x0 ./HAL/LED/LED_Config.o
 .data          0x00800060        0x0 ./HAL/LED/LED_Program.o
 .data          0x00800060        0x0 ./APP/LedLighter_Config.o
 .data          0x00800060        0x0 ./APP/LedLighter_Program.o
 .data          0x00800060        0x0 ./APP/Main.o
 .data          0x00800060        0x0 c:/sdk_win_64/sdk_win_64/winavr/bin/../lib/gcc/avr/4.3.3/avr5\libgcc.a(_exit.o)
 .data          0x00800060        0x0 c:/sdk_win_64/sdk_win_64/winavr/bin/../lib/gcc/avr/4.3.3/avr5\libgcc.a(_copy_data.o)
 .data          0x00800060        0x0 c:/sdk_win_64/sdk_win_64/winavr/bin/../lib/gcc/avr/4.3.3/avr5\libgcc.a(_clear_bss.o)
 *(.data*)
 .data.EXTI_u8_INTCount
                0x00800060        0x1 ./MCAL/EXTI/EXTI_Config.o
                0x00800060                EXTI_u8_INTCount
 .data.EXTI_astr_INTList
                0x00800061        0x6 ./MCAL/EXTI/EXTI_Config.o
                0x00800061                EXTI_astr_INTList
 .data.LED_u8_LEDsCount
                0x00800067        0x1 ./HAL/LED/LED_Config.o
                0x00800067                LED_u8_LEDsCount
 .data.LED_astr_LEDsList
                0x00800068        0x6 ./HAL/LED/LED_Config.o
                0x00800068                LED_astr_LEDsList
 .data.LedLighter_u8_Count
                0x0080006e        0x1 ./APP/LedLighter_Config.o
                0x0080006e                LedLighter_u8_Count
 *(.rodata)
 *(.rodata*)
 *(.gnu.linkonce.d*)
                0x00800070                . = ALIGN (0x2)
 *fill*         0x0080006f        0x1 00
                0x00800070                _edata = .
                0x00800070                PROVIDE (__data_end, .)

.bss            0x00800070        0xe
                0x00800070                PROVIDE (__bss_start, .)
 *(.bss)
 .bss           0x00800070        0x0 c:/sdk_win_64/sdk_win_64/winavr/bin/../lib/gcc/avr/4.3.3/../../../../avr/lib/avr5/crtm32.o
 .bss           0x00800070        0x0 ./MCAL/SREG/SREG_Program.o
 .bss           0x00800070        0x0 ./MCAL/EXTI/EXTI_Config.o
 .bss           0x00800070        0x0 ./MCAL/EXTI/EXTI_Program.o
 .bss           0x00800070        0x0 ./MCAL/DIO/DIO_Program.o
 .bss           0x00800070        0x0 ./HAL/LED/LED_Config.o
 .bss           0x00800070        0x0 ./HAL/LED/LED_Program.o
 .bss           0x00800070        0x0 ./APP/LedLighter_Config.o
 .bss           0x00800070        0x0 ./APP/LedLighter_Program.o
 .bss           0x00800070        0x0 ./APP/Main.o
 .bss           0x00800070        0x0 c:/sdk_win_64/sdk_win_64/winavr/bin/../lib/gcc/avr/4.3.3/avr5\libgcc.a(_exit.o)
 .bss           0x00800070        0x0 c:/sdk_win_64/sdk_win_64/winavr/bin/../lib/gcc/avr/4.3.3/avr5\libgcc.a(_copy_data.o)
 .bss           0x00800070        0x0 c:/sdk_win_64/sdk_win_64/winavr/bin/../lib/gcc/avr/4.3.3/avr5\libgcc.a(_clear_bss.o)
 *(.bss*)
 .bss.pfun_ISRPointers
                0x00800070        0x6 ./MCAL/EXTI/EXTI_Program.o
 .bss.apvid_ISRParameters
                0x00800076        0x6 ./MCAL/EXTI/EXTI_Program.o
 .bss.str_LEDLight
                0x0080007c        0x2 ./APP/LedLighter_Program.o
 *(COMMON)
                0x0080007e                PROVIDE (__bss_end, .)
                0x000013aa                __data_load_start = LOADADDR (.data)
                0x000013ba                __data_load_end = (__data_load_start + SIZEOF (.data))

.noinit         0x0080007e        0x0
                0x0080007e                PROVIDE (__noinit_start, .)
 *(.noinit*)
                0x0080007e                PROVIDE (__noinit_end, .)
                0x0080007e                _end = .
                0x0080007e                PROVIDE (__heap_start, .)

.eeprom         0x00810000        0x0
 *(.eeprom*)
                0x00810000                __eeprom_end = .

.fuse
 *(.fuse)
 *(.lfuse)
 *(.hfuse)
 *(.efuse)

.lock
 *(.lock*)

.signature
 *(.signature*)

.stab           0x00000000     0x2544
 *(.stab)
 .stab          0x00000000      0x144 ./MCAL/SREG/SREG_Program.o
 .stab          0x00000144      0x210 ./MCAL/EXTI/EXTI_Config.o
                                0x21c (size before relaxing)
 .stab          0x00000354      0xac8 ./MCAL/EXTI/EXTI_Program.o
                                0xbd0 (size before relaxing)
 .stab          0x00000e1c      0x774 ./MCAL/DIO/DIO_Program.o
                                0x780 (size before relaxing)
 .stab          0x00001590      0x228 ./HAL/LED/LED_Config.o
                                0x234 (size before relaxing)
 .stab          0x000017b8      0x6a8 ./HAL/LED/LED_Program.o
                                0x6cc (size before relaxing)
 .stab          0x00001e60      0x1e0 ./APP/LedLighter_Config.o
                                0x1ec (size before relaxing)
 .stab          0x00002040      0x3b4 ./APP/LedLighter_Program.o
                                0x4a4 (size before relaxing)
 .stab          0x000023f4      0x150 ./APP/Main.o
                                0x240 (size before relaxing)

.stabstr        0x00000000     0x10a6
 *(.stabstr)
 .stabstr       0x00000000     0x10a6 ./MCAL/SREG/SREG_Program.o

.stab.excl
 *(.stab.excl)

.stab.exclstr
 *(.stab.exclstr)

.stab.index
 *(.stab.index)

.stab.indexstr
 *(.stab.indexstr)

.comment
 *(.comment)

.debug
 *(.debug)

.line
 *(.line)

.debug_srcinfo
 *(.debug_srcinfo)

.debug_sfnames
 *(.debug_sfnames)

.debug_aranges
 *(.debug_aranges)

.debug_pubnames
 *(.debug_pubnames)

.debug_info
 *(.debug_info)
 *(.gnu.linkonce.wi.*)

.debug_abbrev
 *(.debug_abbrev)

.debug_line
 *(.debug_line)

.debug_frame
 *(.debug_frame)

.debug_str
 *(.debug_str)

.debug_loc
 *(.debug_loc)

.debug_macinfo
 *(.debug_macinfo)
OUTPUT(ASG_4_Interrupt.elf elf32-avr)
LOAD linker stubs
